../Drivers/STM32WBxx_HAL_Driver/Inc/stm32wbxx_ll_system.h:2223:26:LL_FLASH_GetUDN	4	static
../Drivers/STM32WBxx_HAL_Driver/Inc/stm32wbxx_ll_system.h:2235:26:LL_FLASH_GetDeviceID	4	static
../Drivers/STM32WBxx_HAL_Driver/Inc/stm32wbxx_ll_system.h:2247:26:LL_FLASH_GetSTCompanyID	4	static
../STM32_WPAN/App/app_ble.c:296:6:APP_BLE_Init	80	static
../STM32_WPAN/App/app_ble.c:436:28:SVCCTL_App_Notification	48	static
../STM32_WPAN/App/app_ble.c:638:22:APP_BLE_Get_Server_Connection_Status	4	static
../STM32_WPAN/App/app_ble.c:652:13:Ble_Tl_Init	16	static
../STM32_WPAN/App/app_ble.c:666:13:Ble_Hci_Gap_Gatt_Init	72	static
../STM32_WPAN/App/app_ble.c:979:13:Adv_Request	56	static
../STM32_WPAN/App/app_ble.c:1069:16:BleGetBdAddress	32	static
../STM32_WPAN/App/app_ble.c:1126:13:Add_Advertisment_Service_UUID	16	static
../STM32_WPAN/App/app_ble.c:1138:13:Adv_Mgr	8	static
../STM32_WPAN/App/app_ble.c:1150:13:AdvUpdateProcess	16	static
../STM32_WPAN/App/app_ble.c:1161:13:Adv_Update	8	static
../STM32_WPAN/App/app_ble.c:1168:13:HciUserEvtProcess	16	static
../STM32_WPAN/App/app_ble.c:1187:6:hci_notify_asynch_evt	16	static
../STM32_WPAN/App/app_ble.c:1195:6:hci_cmd_resp_release	16	static
../STM32_WPAN/App/app_ble.c:1203:6:hci_cmd_resp_wait	16	static
../STM32_WPAN/App/app_ble.c:1211:13:BLE_UserEvtRx	24	static
../STM32_WPAN/App/app_ble.c:1231:13:BLE_StatusNot	16	static
../STM32_WPAN/App/app_ble.c:1259:6:SVCCTL_ResumeUserEventFlow	8	static
