../Core/Src/bmi323_task.c:23:6:bst_delay_us	24	static
../Core/Src/bmi323_task.c:33:6:UART_Printf	16	static
../Core/Src/bmi323_task.c:39:6:PDEBUG	16	static
../Core/Src/bmi323_task.c:54:8:SensorAPI_SPIx_Read1	32	static
../Core/Src/bmi323_task.c:70:8:SensorAPI_SPIx_Read2	32	static
../Core/Src/bmi323_task.c:86:8:SensorAPI_SPIx_Write1	24	static
../Core/Src/bmi323_task.c:102:8:SensorAPI_SPIx_Write2	24	static
../Core/Src/bmi323_task.c:121:6:bmi3_error_codes_print_result	16	static
../Core/Src/bmi323_task.c:234:8:bmi3_interface_init	24	static
../Core/Src/bmi323_task.c:265:14:lsb_to_mps2	24	static
../Core/Src/bmi323_task.c:276:14:lsb_to_dps	32	static
../Core/Src/bmi323_task.c:285:8:Open_BMI323_ACC	64	static
../Core/Src/bmi323_task.c:343:8:Close_BMI323_ACC	64	static
../Core/Src/bmi323_task.c:372:8:Open_BMI323_GYRO	64	static
../Core/Src/bmi323_task.c:434:8:Close_BMI323_GYRO	64	static
../Core/Src/bmi323_task.c:464:6:BMI323_Print_ALLRegs	24	static
../Core/Src/bmi323_task.c:477:8:Init_BMI323	24	static
../Core/Src/bmi323_task.c:517:9:read_sensor	88	static
../Core/Src/bmi323_task.c:568:6:StartBMI323Task	48	static
