../Drivers/STM32WBxx_HAL_Driver/Inc/stm32wbxx_ll_rcc.h:1679:22:LL_RCC_LSE_SetDriveCapability	16	static
../Drivers/STM32WBxx_HAL_Driver/Inc/stm32wbxx_ll_bus.h:364:22:LL_AHB1_GRP1_EnableClock	24	static
../Drivers/STM32WBxx_HAL_Driver/Inc/stm32wbxx_ll_bus.h:539:22:LL_AHB2_GRP1_EnableClock	24	static
../Core/Src/main.c:85:5:main	152	static
../Core/Src/main.c:282:6:SystemClock_Config	112	static
../Core/Src/main.c:351:6:PeriphCommonClock_Config	88	static
../Core/Src/main.c:376:13:MX_IPCC_Init	8	static
../Core/Src/main.c:402:13:MX_RF_Init	4	static
../Core/Src/main.c:423:13:MX_RTC_Init	8	static
../Core/Src/main.c:466:13:MX_SPI1_Init	8	static
../Core/Src/main.c:506:13:MX_USART1_UART_Init	8	static
../Core/Src/main.c:554:13:MX_USB_PCD_Init	8	static
../Core/Src/main.c:585:13:MX_DMA_Init	8	static
../Core/Src/main.c:607:13:MX_GPIO_Init	32	static
../Core/Src/main.c:684:6:Error_Handler	4	static,ignoring_inline_asm
