../Drivers/STM32WBxx_HAL_Driver/Inc/stm32wbxx_ll_rcc.h:1679:22:LL_RCC_LSE_SetDriveCapability	16	static
../Drivers/STM32WBxx_HAL_Driver/Inc/stm32wbxx_ll_bus.h:364:22:LL_AHB1_GRP1_EnableClock	24	static
../Drivers/STM32WBxx_HAL_Driver/Inc/stm32wbxx_ll_bus.h:539:22:LL_AHB2_GRP1_EnableClock	24	static
../Core/Src/main.c:102:5:main	8	static
../Core/Src/main.c:199:6:SystemClock_Config	112	static
../Core/Src/main.c:268:6:PeriphCommonClock_Config	88	static
../Core/Src/main.c:293:13:MX_IPCC_Init	8	static
../Core/Src/main.c:319:13:MX_RF_Init	4	static
../Core/Src/main.c:340:13:MX_RTC_Init	8	static
../Core/Src/main.c:383:13:MX_SPI1_Init	8	static
../Core/Src/main.c:423:13:MX_USART1_UART_Init	8	static
../Core/Src/main.c:471:13:MX_USB_PCD_Init	8	static
../Core/Src/main.c:502:13:MX_DMA_Init	8	static
../Core/Src/main.c:530:13:MX_GPIO_Init	32	static
../Core/Src/main.c:597:6:StartDefaultTask	16	static
../Core/Src/main.c:616:6:HAL_TIM_PeriodElapsedCallback	16	static
../Core/Src/main.c:633:6:Error_Handler	4	static,ignoring_inline_asm
